// Jest Snapshot v1, https://goo.gl/fbAQLP

exports[`LyzoV3Factory #createPool gas 1`] = `4557092`;

exports[`LyzoV3Factory factory bytecode size 1`] = `24535`;

exports[`LyzoV3Factory pool bytecode size 1`] = `22142`;
